c:\masaüstü,\velinpro\ucrobloxexternal\ucrobloxexternal\ucrobloxexternal\x64\release\vc143.pdb
c:\masaüstü,\velinpro\ucrobloxexternal\ucrobloxexternal\ucrobloxexternal\x64\release\imgui_widgets.obj
c:\masaüstü,\velinpro\ucrobloxexternal\ucrobloxexternal\ucrobloxexternal\x64\release\imgui_tables.obj
c:\masaüstü,\velinpro\ucrobloxexternal\ucrobloxexternal\ucrobloxexternal\x64\release\imgui_impl_win32.obj
c:\masaüstü,\velinpro\ucrobloxexternal\ucrobloxexternal\ucrobloxexternal\x64\release\imgui_impl_dx11.obj
c:\masaüstü,\velinpro\ucrobloxexternal\ucrobloxexternal\ucrobloxexternal\x64\release\imgui_draw.obj
c:\masaüstü,\velinpro\ucrobloxexternal\ucrobloxexternal\ucrobloxexternal\x64\release\imgui_demo.obj
c:\masaüstü,\velinpro\ucrobloxexternal\ucrobloxexternal\ucrobloxexternal\x64\release\imgui.obj
c:\masaüstü,\velinpro\ucrobloxexternal\ucrobloxexternal\ucrobloxexternal\x64\release\main.obj
c:\masaüstü,\velinpro\ucrobloxexternal\ucrobloxexternal\x64\release\ucrobloxexternal.exe
c:\masaüstü,\velinpro\ucrobloxexternal\ucrobloxexternal\x64\release\ucrobloxexternal.pdb
c:\masaüstü,\velinpro\ucrobloxexternal\ucrobloxexternal\ucrobloxexternal\x64\release\ucrobloxexternal.ipdb
c:\masaüstü,\velinpro\ucrobloxexternal\ucrobloxexternal\ucrobloxexternal\x64\release\ucrobloxexternal.iobj
c:\masaüstü,\velinpro\ucrobloxexternal\ucrobloxexternal\ucrobloxexternal\x64\release\ucrobloxexternal.tlog\cl.command.1.tlog
c:\masaüstü,\velinpro\ucrobloxexternal\ucrobloxexternal\ucrobloxexternal\x64\release\ucrobloxexternal.tlog\cl.items.tlog
c:\masaüstü,\velinpro\ucrobloxexternal\ucrobloxexternal\ucrobloxexternal\x64\release\ucrobloxexternal.tlog\cl.read.1.tlog
c:\masaüstü,\velinpro\ucrobloxexternal\ucrobloxexternal\ucrobloxexternal\x64\release\ucrobloxexternal.tlog\cl.write.1.tlog
c:\masaüstü,\velinpro\ucrobloxexternal\ucrobloxexternal\ucrobloxexternal\x64\release\ucrobloxexternal.tlog\link.command.1.tlog
c:\masaüstü,\velinpro\ucrobloxexternal\ucrobloxexternal\ucrobloxexternal\x64\release\ucrobloxexternal.tlog\link.read.1.tlog
c:\masaüstü,\velinpro\ucrobloxexternal\ucrobloxexternal\ucrobloxexternal\x64\release\ucrobloxexternal.tlog\link.secondary.1.tlog
c:\masaüstü,\velinpro\ucrobloxexternal\ucrobloxexternal\ucrobloxexternal\x64\release\ucrobloxexternal.tlog\link.write.1.tlog
